// Jest Snapshot v1, https://goo.gl/fbAQLP

exports[`AddForm component tests renders properly 1`] = `
Object {
  "asFragment": [Function],
  "baseElement": <body>
    <div>
      <div
        class="add-form"
      >
        <button
          class="btn btn-info"
        >
          Add
        </button>
      </div>
    </div>
  </body>,
  "container": <div>
    <div
      class="add-form"
    >
      <button
        class="btn btn-info"
      >
        Add
      </button>
    </div>
  </div>,
  "debug": [Function],
  "findAllByAltText": [Function],
  "findAllByDisplayValue": [Function],
  "findAllByLabelText": [Function],
  "findAllByPlaceholderText": [Function],
  "findAllByRole": [Function],
  "findAllByTestId": [Function],
  "findAllByText": [Function],
  "findAllByTitle": [Function],
  "findByAltText": [Function],
  "findByDisplayValue": [Function],
  "findByLabelText": [Function],
  "findByPlaceholderText": [Function],
  "findByRole": [Function],
  "findByTestId": [Function],
  "findByText": [Function],
  "findByTitle": [Function],
  "getAllByAltText": [Function],
  "getAllByDisplayValue": [Function],
  "getAllByLabelText": [Function],
  "getAllByPlaceholderText": [Function],
  "getAllByRole": [Function],
  "getAllByTestId": [Function],
  "getAllByText": [Function],
  "getAllByTitle": [Function],
  "getByAltText": [Function],
  "getByDisplayValue": [Function],
  "getByLabelText": [Function],
  "getByPlaceholderText": [Function],
  "getByRole": [Function],
  "getByTestId": [Function],
  "getByText": [Function],
  "getByTitle": [Function],
  "queryAllByAltText": [Function],
  "queryAllByDisplayValue": [Function],
  "queryAllByLabelText": [Function],
  "queryAllByPlaceholderText": [Function],
  "queryAllByRole": [Function],
  "queryAllByTestId": [Function],
  "queryAllByText": [Function],
  "queryAllByTitle": [Function],
  "queryByAltText": [Function],
  "queryByDisplayValue": [Function],
  "queryByLabelText": [Function],
  "queryByPlaceholderText": [Function],
  "queryByRole": [Function],
  "queryByTestId": [Function],
  "queryByText": [Function],
  "queryByTitle": [Function],
  "rerender": [Function],
  "unmount": [Function],
}
`;

exports[`AddForm component tests renders properly with expanded form 1`] = `
<div>
  <div
    class="add-form"
  >
    <button
      class="btn btn-info"
    >
      Add
    </button>
    <div>
      <div>
        <label>
          id
        </label>
        <input
          class="form-control is-invalid"
        />
        <div
          class="invalid-feedback"
        >
          Please enter correct value
        </div>
      </div>
      <div>
        <label>
          firstName
        </label>
        <input
          class="form-control is-invalid"
        />
        <div
          class="invalid-feedback"
        >
          Please enter correct value
        </div>
      </div>
      <div>
        <label>
          lastName
        </label>
        <input
          class="form-control is-invalid"
        />
        <div
          class="invalid-feedback"
        >
          Please enter correct value
        </div>
      </div>
      <div>
        <label>
          email
        </label>
        <input
          class="form-control is-invalid"
        />
        <div
          class="invalid-feedback"
        >
          Please enter correct value
        </div>
      </div>
      <div>
        <label>
          phone
        </label>
        <input
          class="form-control is-invalid"
        />
        <div
          class="invalid-feedback"
        >
          Please enter correct value
        </div>
      </div>
      <button
        class="btn btn-success my-3"
        disabled=""
      >
        +
      </button>
    </div>
  </div>
</div>
`;
